---
source: crates/fcp-mesh/tests/wire_format_goldens.rs
assertion_line: 120
expression: "dump(\"GossipSummary::signing_bytes (populated fixture)\", &bytes)"
---
GossipSummary::signing_bytes (populated fixture)
len = 168
0000  46 43 50 32 2d 47 4f 53 53 49 50 2d 53 55 4d 4d   FCP2-GOSSIP-SUMM
0010  41 52 59 2d 56 31 0a 00 00 00 31 30 30 2e 36 34   ARY-V1....100.64
0020  2e 30 2e 31 09 00 00 00 7a 3a 70 72 69 76 61 74   .0.1....z:privat
0030  65 0f 00 00 00 65 70 6f 63 68 2d 66 69 78 74 75   e....epoch-fixtu
0040  72 65 2d 32 aa aa aa aa aa aa aa aa aa aa aa aa   re-2............
0050  aa aa aa aa aa aa aa aa aa aa aa aa aa aa aa aa   ................
0060  aa aa aa aa bb bb bb bb bb bb bb bb bb bb bb bb   ................
0070  bb bb bb bb bb bb bb bb bb bb bb bb bb bb bb bb   ................
0080  bb bb bb bb 78 56 34 12 f0 de bc 9a 10 00 00 00   ....xV4.........
0090  00 01 02 03 04 05 06 07 08 09 0a 0b 0c 0d 0e 0f   ................
00a0  77 66 55 44 33 22 11 00                           wfUD3"..
