---
source: crates/fcp-policy/tests/golden_capability_constraints.rs
expression: "serde_json::json!({\n    \"requested\": format!(\"{:?}\", selection.requested), \"effective\":\n    format!(\"{:?}\", selection.effective), \"single_host_detected\":\n    selection.single_host_detected, \"degraded_v2_opt_in\":\n    selection.degraded_v2_opt_in, \"warning\": selection.warning,\n})"
---
{
  "degraded_v2_opt_in": false,
  "effective": "V1HostFirst",
  "requested": "V1HostFirst",
  "single_host_detected": false,
  "warning": null
}
