---
source: crates/fcp-oauth/tests/golden_snapshots.rs
expression: report
---
registered_exact_match: OK (https://example.com/oauth/callback)
registered_host_mismatch: ERR Invalid OAuth configuration: redirect_uri is not present in allowed_redirect_uris
registered_path_mismatch: ERR Invalid OAuth configuration: redirect_uri is not present in allowed_redirect_uris
registered_plain_http_non_loopback: ERR Invalid OAuth configuration: redirect_uri must use https or loopback http
registered_loopback_match: OK (http://localhost:3000/dev-cb)
registered_fragment_rejected: ERR Invalid OAuth configuration: redirect_uri must not include a fragment
registered_query_rejected: ERR Invalid OAuth configuration: redirect_uri must not include query parameters
registered_embedded_credentials_rejected: ERR Invalid OAuth configuration: redirect_uri must not include embedded credentials
registered_relative_rejected: ERR Invalid OAuth configuration: redirect_uri must be a valid absolute URL: relative URL without a base
callback_with_oauth_response_params: OK (https://example.com/oauth/callback)
callback_host_mismatch: ERR Invalid OAuth configuration: callback_url resolved to a redirect URI outside allowed_redirect_uris
callback_plain_http_non_loopback: ERR Invalid OAuth configuration: callback_url must use https or loopback http
callback_loopback_ok: OK (http://localhost:3000/dev-cb)
